adb9a81b-3e39-4c27-ac8b-c37289a054ba|CAMPHOUSE_02956.jpg|doe|0.5033|7818f96e-48b2-4129-896d-3af088f4d058
2ac3cbe4-ca34-43da-a2e5-66fda8a20ce1|CAMPHOUSE_03187.jpg|doe|0.5035|7c799a77-a871-4c37-9eaf-cb0c0eb79193
6d909440-4502-4b3b-8c44-aa7cd408ceb1|Sanctuary2_20251108_173213_001.jpg|buck|0.5035|c4e90266-1233-49c8-9658-b0d684a8bc5a
f40fb252-10be-467f-a681-d0f77c93ffd6|HAYFIELD_09582.jpg|buck|0.5036|6bc2aecd-c04a-4bbd-966d-e43ea484d89e
a28c3bc4-07de-4eca-be92-c26b74352ee3|HAYFIELD_07934.jpg|doe|0.5036|4dc3b35f-88a6-48ec-a5df-dc5cb4d62b7a
26e25389-65c7-4193-b1d1-32e719db8b1c|Sanctuary2_20251101_110905_001.jpg|buck|0.5037|e18fae3d-aee5-4828-80cc-31f64a4ce6a3
33d86a56-b928-4aa6-a28d-be4d13ed7282|Hayfield_20250918_075928_001.jpg|buck|0.5037|378b8a68-ddb1-4a53-8de3-28e4bd9f9fe9
49430f45-c915-4f12-ab41-3c3e9f2b67fa|Sanctuary2_20251101_165327_001.jpg|buck|0.5037|2e2c44d3-dabd-4a2a-9a00-6c155b71a252
851d4bfc-af53-42cf-9424-8c1355c1a424|Sanctuary2_20251106_090419_001.jpg|buck|0.5037|f70aff64-134e-4f05-abb3-1b58ca424db6
73ddc214-96bd-4c6d-a431-19a03a291de7|Sanctuary2_20251103_210552_001.jpg|buck|0.5037|c8844810-4606-4d14-b747-1663517b9e15
29c2c135-4b07-4719-a049-db459b8d7970|Hayfield_20251030_172333_001.jpg|doe|0.5038|054ce42d-4fa5-48fb-9d63-745385554220
7f54eb1c-b555-4fdf-9a70-b34dcf5ea24b|Sanctuary2_20251102_170510_001.jpg|buck|0.5038|042d68a9-16b1-494a-8d27-08421d36b5a3
5a73a1db-93cb-4f5c-a710-a00b2a207e96|Jason1_20251010_014512_001.jpg|doe|0.5040|3b42917f-6306-4fcc-a1a2-a136aa6b80a3
4ff4d91b-a79d-4081-acc0-cee02c994f73|Jason1_20251009_202123_001.jpg|buck|0.5041|bf01e8a2-4235-46e0-853f-eef06b1fb1e8
6dcf2949-c1b1-4acd-9a72-45cdd97a582d|Sanctuary2_20251031_194058_001.jpg|doe|0.5042|b4f3c5bd-ce44-48c7-b0c8-685dcce3c1f6
45f790a8-024e-45df-8e48-c70359186549|Sanctuary2_20251101_102202_001.jpg|buck|0.5042|a6199e68-0e4a-4e5c-ad02-7f3c6e337b70
e231603b-1d12-4504-8b76-fc0edd372b54|Sanctuary2_20251102_173105_001.jpg|buck|0.5043|1776eea3-f4ea-4433-b160-4dd5b3fbf609
c607e4db-3068-4608-a74d-9181c4228865|Hayfield_20251014_172146_001.jpg|buck|0.5043|30313339-0551-421b-bff5-02811b3fac5b
4c9cb3a9-1f50-458e-aa15-cfa038d574da|Hayfield_20250914_080518_001.jpg|buck|0.5044|42f4b61f-0026-4210-9a4d-8d8940b0b651
21f73e7f-f5fe-4d2b-998e-a1e52c0ab3f7|Sanctuary2_20251104_170520_001.jpg|doe|0.5044|affb7f78-42bf-414a-8ea0-0d680c55cd6b
